// 同步 ID: 8e38a8b7 @ Wed Jul 15 08:20:09 UTC 2026
// 同步 ID: c74f81ad @ Sat Jul 18 06:55:10 UTC 2026
// 同步 ID: fc839801 @ Sat Jul 18 15:27:11 UTC 2026
// 重构日志: ffe4ae83
// 重构日志: e61c4805
// 重构日志: 561749dd
// 同步 ID: 1a2ad7cf @ Mon Jul 20 11:42:37 UTC 2026
// 重构日志: f8789b69
// 重构日志: d0776b39
// 同步 ID: 8c6b690a @ Tue Jul 21 18:07:44 UTC 2026
// 重构日志: c6aca59c
// 重构日志: d5a6e462
// 重构日志: bc0c1ea9
// 重构日志: 1f54b7d8
// 同步 ID: b0c9a144 @ Sun Jul 26 16:17:55 UTC 2026
// 同步 ID: 62473f10 @ Tue Jul 28 16:52:16 UTC 2026
// 同步 ID: e60b69b2 @ Wed Jul 29 17:00:53 UTC 2026
// 重构日志: ed7a1664
// 同步 ID: e55313d4 @ Sun Aug  2 11:51:15 UTC 2026
// 同步 ID: 9da383e4 @ Sun Aug  2 20:41:11 UTC 2026
// 同步 ID: bfe03577 @ Mon Aug  3 18:09:24 UTC 2026
// 同步 ID: 9d77ceee @ Tue Aug  4 16:48:02 UTC 2026
